// Jest Snapshot v1, https://goo.gl/fbAQLP

exports[`shallowMounted ProtocolEditorTopNavBar renders correctly 1`] = `
<div>
  <div
    class="top_nav_bar"
  >
    <div
      class="top_nav_bar__content"
    >
      <protocolfilebanner-stub />
    </div>
  </div>
</div>
`;
